// Jest Snapshot v1, https://goo.gl/fbAQLP

exports[`renders the NewsCom component correctly 1`] = `
<div>
  <div
    class="box"
  >
    <ul />
  </div>
</div>
`;
