// Jest Snapshot v1, https://goo.gl/fbAQLP

exports[`renders the RecipeList component correctly 1`] = `
<div>
  <ul
    class="recipeList"
  />
</div>
`;
