// Jest Snapshot v1, https://goo.gl/fbAQLP

exports[`renders the Other component correctly 1`] = `
<div>
  <div
    class="box"
  >
    <div
      class="imgBox"
    >
      <img
        alt="poster image"
        class="img"
        src="https://covid19.lacounty.gov/wp-content/uploads/GettyImages-1128687123-1024x683.jpg"
      />
    </div>
    <h5
      class="title"
    />
    <p
      class="content"
    />
  </div>
</div>
`;
