// Jest Snapshot v1, https://goo.gl/fbAQLP

exports[`renders the Header component correctly 1`] = `
<div>
  <div
    class="box"
  >
    <div
      class="inputBox"
    >
      <input
        class="input"
        placeholder=" Find your recipe"
      />
      <a
        class="Go"
        href="/search"
      >
        GO
      </a>
    </div>
    <p
      class="title"
    >
      Home recipe
    </p>
    <a
      class="signIn"
      href="/signin"
    >
      Sign in
    </a>
  </div>
</div>
`;
