// Jest Snapshot v1, https://goo.gl/fbAQLP

exports[`renders the footer component correctly 1`] = `
<div>
  <div
    class="box"
  >
    <div
      class="leftBox"
    >
      <h4
        class="itemTitle"
      >
        What's new
      </h4>
      <ul />
    </div>
    <div
      class="rightBox"
    >
      <h4
        class="itemTitle"
      >
        Most popular
      </h4>
      <ul />
    </div>
  </div>
</div>
`;
